2025-02-01 18:37:07,323:main_loop:DEBUG: Stopping loop
2025-02-01 18:37:07,326:main:ERROR: 'NoneType' object has no attribute 'get_run_data'
2025-02-01 18:37:07,326:main:DEBUG: TRACE: 
Traceback (most recent call last):
  File "B:\pythonStuff\snake_sim\snake_sim\main.py", line 50, in main
    render_p.join()
  File "C:\Users\Jes_p\AppData\Local\Programs\Python\Python312\Lib\multiprocessing\process.py", line 149, in join
    res = self._popen.wait(timeout)
          ^^^^^^^^^^^^^^^^^^^^^^^^^
  File "C:\Users\Jes_p\AppData\Local\Programs\Python\Python312\Lib\multiprocessing\popen_spawn_win32.py", line 112, in wait
    res = _winapi.WaitForSingleObject(int(self._handle), msecs)
          ^^^^^^^^^^^^^^^^^^^^^^^^^^^^^^^^^^^^^^^^^^^^^^^^^^^^^
  File "B:\pythonStuff\snake_sim\snake_sim\environment\snake_loop_control.py", line 85, in <lambda>
    signal.signal(signal.SIGINT, (lambda s, h: self.stop()))
                                               ^^^^^^^^^^^
  File "B:\pythonStuff\snake_sim\snake_sim\environment\snake_loop_control.py", line 94, in wrapper
    return func(self, *args, **kwargs)
           ^^^^^^^^^^^^^^^^^^^^^^^^^^^
  File "B:\pythonStuff\snake_sim\snake_sim\environment\snake_loop_control.py", line 238, in stop
    self._loop.stop()
  File "B:\pythonStuff\snake_sim\snake_sim\environment\main_loop.py", line 86, in stop
    self._notify_end()
  File "B:\pythonStuff\snake_sim\snake_sim\environment\main_loop.py", line 116, in _notify_end
    observer.notify_end()
  File "B:\pythonStuff\snake_sim\snake_sim\loop_observers\run_data_loop_observer.py", line 30, in notify_end
    observer.notify_end(self._adapter.get_run_data())
                        ^^^^^^^^^^^^^^^^^^^^^^^^^^
AttributeError: 'NoneType' object has no attribute 'get_run_data'
2025-02-01 18:40:52,445:main_loop:DEBUG: Stopping loop
2025-02-01 18:40:52,455:main:ERROR: 'NoneType' object has no attribute 'get_run_data'
2025-02-01 18:40:52,457:main:DEBUG: TRACE: 
Traceback (most recent call last):
  File "B:\pythonStuff\snake_sim\snake_sim\main.py", line 51, in main
    render_p.join()
  File "C:\Users\Jes_p\AppData\Local\Programs\Python\Python312\Lib\multiprocessing\process.py", line 149, in join
    res = self._popen.wait(timeout)
          ^^^^^^^^^^^^^^^^^^^^^^^^^
  File "C:\Users\Jes_p\AppData\Local\Programs\Python\Python312\Lib\multiprocessing\popen_spawn_win32.py", line 112, in wait
    res = _winapi.WaitForSingleObject(int(self._handle), msecs)
          ^^^^^^^^^^^^^^^^^^^^^^^^^^^^^^^^^^^^^^^^^^^^^^^^^^^^^
  File "B:\pythonStuff\snake_sim\snake_sim\environment\snake_loop_control.py", line 85, in <lambda>
    signal.signal(signal.SIGINT, (lambda s, h: self.stop()))
                                               ^^^^^^^^^^^
  File "B:\pythonStuff\snake_sim\snake_sim\environment\snake_loop_control.py", line 94, in wrapper
    return func(self, *args, **kwargs)
           ^^^^^^^^^^^^^^^^^^^^^^^^^^^
  File "B:\pythonStuff\snake_sim\snake_sim\environment\snake_loop_control.py", line 238, in stop
    self._loop.stop()
  File "B:\pythonStuff\snake_sim\snake_sim\environment\main_loop.py", line 86, in stop
    self._notify_end()
  File "B:\pythonStuff\snake_sim\snake_sim\environment\main_loop.py", line 116, in _notify_end
    observer.notify_end()
  File "B:\pythonStuff\snake_sim\snake_sim\loop_observers\run_data_loop_observer.py", line 30, in notify_end
    observer.notify_end(self._adapter.get_run_data())
                        ^^^^^^^^^^^^^^^^^^^^^^^^^^
AttributeError: 'NoneType' object has no attribute 'get_run_data'
2025-02-01 18:41:20,268:main_loop:DEBUG: Stopping loop
2025-02-01 18:41:20,270:snake_processes:DEBUG: Shutting down processes
2025-02-01 18:41:20,270:snake_processes:INFO: Stopping process with id 0
2025-02-01 18:41:20,277:snake_processes:INFO: Stopping process with id 1
2025-02-01 18:41:20,288:snake_processes:INFO: Stopping process with id 2
2025-02-01 18:41:20,297:snake_processes:INFO: Stopping process with id 3
2025-02-01 18:41:20,304:snake_processes:INFO: Stopping process with id 4
2025-02-01 18:41:20,316:snake_processes:INFO: Stopping process with id 5
2025-02-01 18:41:20,330:snake_processes:INFO: Stopping process with id 6
2025-02-01 18:41:20,358:snake_handlers:DEBUG: Error in snake 0
Traceback (most recent call last):
  File "B:\pythonStuff\snake_sim\snake_sim\snakes\remote_snake.py", line 12, in wrapper
    return func(self, *args, **kwargs)
           ^^^^^^^^^^^^^^^^^^^^^^^^^^^
  File "B:\pythonStuff\snake_sim\snake_sim\snakes\remote_snake.py", line 64, in update
    for response in response_iterator:
                    ^^^^^^^^^^^^^^^^^
  File "B:\pythonStuff\snake_sim\snake_venv\Lib\site-packages\grpc\_channel.py", line 543, in __next__
    return self._next()
           ^^^^^^^^^^^^
  File "B:\pythonStuff\snake_sim\snake_venv\Lib\site-packages\grpc\_channel.py", line 952, in _next
    raise self
grpc._channel._MultiThreadedRendezvous: <_MultiThreadedRendezvous of RPC that terminated with:
	status = StatusCode.UNAVAILABLE
	details = "WSASend: Connection reset (Unable to retrieve error string -- 10054)"
	debug_error_string = "UNKNOWN:Error received from peer  {grpc_message:"WSASend: Connection reset (Unable to retrieve error string -- 10054)", grpc_status:14, created_time:"2025-02-01T17:41:20.3440583+00:00"}"
>

During handling of the above exception, another exception occurred:

Traceback (most recent call last):
  File "B:\pythonStuff\snake_sim\snake_sim\environment\snake_handlers.py", line 58, in _process_batch_concurrent
    decisions[id] = future.result()
                    ^^^^^^^^^^^^^^^
  File "C:\Users\Jes_p\AppData\Local\Programs\Python\Python312\Lib\concurrent\futures\_base.py", line 449, in result
    return self.__get_result()
           ^^^^^^^^^^^^^^^^^^^
  File "C:\Users\Jes_p\AppData\Local\Programs\Python\Python312\Lib\concurrent\futures\_base.py", line 401, in __get_result
    raise self._exception
  File "C:\Users\Jes_p\AppData\Local\Programs\Python\Python312\Lib\concurrent\futures\thread.py", line 59, in run
    result = self.fn(*self.args, **self.kwargs)
             ^^^^^^^^^^^^^^^^^^^^^^^^^^^^^^^^^^
  File "B:\pythonStuff\snake_sim\snake_sim\environment\snake_handlers.py", line 76, in get_decision
    decision = snake.update(env_data)
               ^^^^^^^^^^^^^^^^^^^^^^
  File "B:\pythonStuff\snake_sim\snake_sim\snakes\remote_snake.py", line 14, in wrapper
    raise ConnectionError
ConnectionError
2025-02-01 18:41:20,371:snake_processes:INFO: Stopping process with id 0
2025-02-01 18:41:20,373:main_loop:DEBUG: Stopping loop
2025-02-01 18:41:20,373:snake_processes:DEBUG: Shutting down processes
2025-02-01 18:41:20,374:snake_processes:INFO: Stopping process with id 1
2025-02-01 18:41:20,374:snake_processes:INFO: Stopping process with id 2
2025-02-01 18:41:20,375:snake_processes:INFO: Stopping process with id 3
2025-02-01 18:41:20,375:snake_processes:INFO: Stopping process with id 4
2025-02-01 18:41:20,376:snake_processes:INFO: Stopping process with id 5
2025-02-01 18:41:20,376:snake_processes:INFO: Stopping process with id 6
2025-02-01 18:55:08,920:main_loop:DEBUG: Stopping loop
2025-02-01 18:55:08,930:main:ERROR: 'NoneType' object has no attribute 'get_run_data'
2025-02-01 18:55:08,934:main:DEBUG: TRACE: 
Traceback (most recent call last):
  File "B:\pythonStuff\snake_sim\snake_sim\main.py", line 51, in main
    render_p.join()
  File "C:\Users\Jes_p\AppData\Local\Programs\Python\Python312\Lib\multiprocessing\process.py", line 149, in join
    res = self._popen.wait(timeout)
          ^^^^^^^^^^^^^^^^^^^^^^^^^
  File "C:\Users\Jes_p\AppData\Local\Programs\Python\Python312\Lib\multiprocessing\popen_spawn_win32.py", line 112, in wait
    res = _winapi.WaitForSingleObject(int(self._handle), msecs)
          ^^^^^^^^^^^^^^^^^^^^^^^^^^^^^^^^^^^^^^^^^^^^^^^^^^^^^
  File "B:\pythonStuff\snake_sim\snake_sim\environment\snake_loop_control.py", line 85, in <lambda>
    signal.signal(signal.SIGINT, (lambda s, h: self.stop()))
                                               ^^^^^^^^^^^
  File "B:\pythonStuff\snake_sim\snake_sim\environment\snake_loop_control.py", line 94, in wrapper
    return func(self, *args, **kwargs)
           ^^^^^^^^^^^^^^^^^^^^^^^^^^^
  File "B:\pythonStuff\snake_sim\snake_sim\environment\snake_loop_control.py", line 238, in stop
    self._loop.stop()
  File "B:\pythonStuff\snake_sim\snake_sim\environment\main_loop.py", line 86, in stop
    self._notify_end()
  File "B:\pythonStuff\snake_sim\snake_sim\environment\main_loop.py", line 116, in _notify_end
    observer.notify_end()
  File "B:\pythonStuff\snake_sim\snake_sim\loop_observers\run_data_loop_observer.py", line 30, in notify_end
    observer.notify_end(self._adapter.get_run_data())
                        ^^^^^^^^^^^^^^^^^^^^^^^^^^
AttributeError: 'NoneType' object has no attribute 'get_run_data'
2025-02-01 19:15:36,531:snake_loop_control:DEBUG: Stopping loop
2025-02-01 19:18:35,750:snake_loop_control:DEBUG: Stopping loop
2025-02-01 19:23:14,585:PIL.PngImagePlugin:DEBUG: STREAM b'IHDR' 16 13
2025-02-01 19:23:14,586:PIL.PngImagePlugin:DEBUG: STREAM b'sRGB' 41 1
2025-02-01 19:23:14,587:PIL.PngImagePlugin:DEBUG: STREAM b'IDAT' 54 293
2025-02-01 19:23:38,620:snake_loop_control:DEBUG: Stopping loop
2025-02-01 19:23:46,540:PIL.PngImagePlugin:DEBUG: STREAM b'IHDR' 16 13
2025-02-01 19:23:46,541:PIL.PngImagePlugin:DEBUG: STREAM b'sRGB' 41 1
2025-02-01 19:23:46,542:PIL.PngImagePlugin:DEBUG: STREAM b'IDAT' 54 293
2025-02-01 19:25:48,877:PIL.PngImagePlugin:DEBUG: STREAM b'IHDR' 16 13
2025-02-01 19:25:48,878:PIL.PngImagePlugin:DEBUG: STREAM b'sRGB' 41 1
2025-02-01 19:25:48,879:PIL.PngImagePlugin:DEBUG: STREAM b'IDAT' 54 293
2025-02-01 19:29:27,180:PIL.PngImagePlugin:DEBUG: STREAM b'IHDR' 16 13
2025-02-01 19:29:27,180:PIL.PngImagePlugin:DEBUG: STREAM b'IHDR' 16 13
2025-02-01 19:29:27,181:PIL.PngImagePlugin:DEBUG: STREAM b'sRGB' 41 1
2025-02-01 19:29:27,181:PIL.PngImagePlugin:DEBUG: STREAM b'sRGB' 41 1
2025-02-01 19:29:27,182:PIL.PngImagePlugin:DEBUG: STREAM b'IDAT' 54 293
2025-02-01 19:29:27,182:PIL.PngImagePlugin:DEBUG: STREAM b'IDAT' 54 293
2025-02-01 19:29:29,584:main_loop:DEBUG: Step 1 took 0.15 seconds
2025-02-01 19:29:29,785:main_loop:DEBUG: Step 2 took 0.20 seconds
2025-02-01 19:29:29,927:main_loop:DEBUG: Step 3 took 0.14 seconds
2025-02-01 19:29:30,076:main_loop:DEBUG: Step 4 took 0.15 seconds
2025-02-01 19:29:30,235:main_loop:DEBUG: Step 5 took 0.16 seconds
2025-02-01 19:29:30,340:main_loop:DEBUG: Step 6 took 0.10 seconds
2025-02-01 19:29:30,417:main_loop:DEBUG: Step 7 took 0.08 seconds
2025-02-01 19:29:30,639:main_loop:DEBUG: Step 8 took 0.22 seconds
2025-02-01 19:29:30,755:main_loop:DEBUG: Step 9 took 0.12 seconds
2025-02-01 19:29:30,812:main_loop:DEBUG: Step 10 took 0.06 seconds
2025-02-01 19:29:30,881:main_loop:DEBUG: Step 11 took 0.07 seconds
2025-02-01 19:29:30,940:main_loop:DEBUG: Step 12 took 0.06 seconds
2025-02-01 19:29:31,033:main_loop:DEBUG: Step 13 took 0.09 seconds
2025-02-01 19:29:31,102:main_loop:DEBUG: Step 14 took 0.07 seconds
2025-02-01 19:29:31,249:main_loop:DEBUG: Step 15 took 0.14 seconds
2025-02-01 19:29:31,353:main_loop:DEBUG: Step 16 took 0.10 seconds
2025-02-01 19:29:31,429:main_loop:DEBUG: Step 17 took 0.07 seconds
2025-02-01 19:29:31,543:main_loop:DEBUG: Step 18 took 0.11 seconds
2025-02-01 19:29:31,629:main_loop:DEBUG: Step 19 took 0.08 seconds
2025-02-01 19:29:31,779:main_loop:DEBUG: Step 20 took 0.15 seconds
2025-02-01 19:29:31,879:main_loop:DEBUG: Step 21 took 0.10 seconds
2025-02-01 19:29:31,945:main_loop:DEBUG: Step 22 took 0.07 seconds
2025-02-01 19:29:32,133:main_loop:DEBUG: Step 23 took 0.19 seconds
2025-02-01 19:29:32,302:main_loop:DEBUG: Step 24 took 0.17 seconds
2025-02-01 19:29:32,493:main_loop:DEBUG: Step 25 took 0.19 seconds
2025-02-01 19:29:32,587:snake_processes:INFO: Stopping process with id 0
2025-02-01 19:29:32,608:main_loop:DEBUG: Step 26 took 0.11 seconds
2025-02-01 19:29:32,752:main_loop:DEBUG: Step 27 took 0.14 seconds
2025-02-01 19:29:32,826:main_loop:DEBUG: Step 28 took 0.07 seconds
2025-02-01 19:29:32,878:main_loop:DEBUG: Step 29 took 0.05 seconds
2025-02-01 19:29:32,939:main_loop:DEBUG: Step 30 took 0.06 seconds
2025-02-01 19:29:33,013:main_loop:DEBUG: Step 31 took 0.07 seconds
2025-02-01 19:29:33,076:main_loop:DEBUG: Step 32 took 0.06 seconds
2025-02-01 19:29:33,166:main_loop:DEBUG: Step 33 took 0.09 seconds
2025-02-01 19:29:33,355:main_loop:DEBUG: Step 34 took 0.19 seconds
2025-02-01 19:29:33,519:main_loop:DEBUG: Step 35 took 0.16 seconds
2025-02-01 19:29:33,593:main_loop:DEBUG: Step 36 took 0.07 seconds
2025-02-01 19:29:33,687:main_loop:DEBUG: Step 37 took 0.09 seconds
2025-02-01 19:29:33,736:main_loop:DEBUG: Step 38 took 0.05 seconds
2025-02-01 19:29:33,781:main_loop:DEBUG: Step 39 took 0.04 seconds
2025-02-01 19:29:33,834:main_loop:DEBUG: Step 40 took 0.05 seconds
2025-02-01 19:29:33,884:main_loop:DEBUG: Step 41 took 0.05 seconds
2025-02-01 19:29:33,933:main_loop:DEBUG: Step 42 took 0.05 seconds
2025-02-01 19:29:33,948:snake_processes:INFO: Stopping process with id 3
2025-02-01 19:29:33,983:snake_processes:INFO: Stopping process with id 2
2025-02-01 19:29:33,993:main_loop:DEBUG: Step 43 took 0.06 seconds
2025-02-01 19:29:34,036:main_loop:DEBUG: Step 44 took 0.04 seconds
2025-02-01 19:29:34,071:main_loop:DEBUG: Step 45 took 0.03 seconds
2025-02-01 19:29:34,094:main_loop:DEBUG: Step 46 took 0.02 seconds
2025-02-01 19:29:34,126:main_loop:DEBUG: Step 47 took 0.03 seconds
2025-02-01 19:29:34,160:main_loop:DEBUG: Step 48 took 0.03 seconds
2025-02-01 19:29:34,192:main_loop:DEBUG: Step 49 took 0.03 seconds
2025-02-01 19:29:34,233:main_loop:DEBUG: Step 50 took 0.04 seconds
2025-02-01 19:29:34,267:main_loop:DEBUG: Step 51 took 0.03 seconds
2025-02-01 19:29:34,301:main_loop:DEBUG: Step 52 took 0.03 seconds
2025-02-01 19:29:34,337:main_loop:DEBUG: Step 53 took 0.03 seconds
2025-02-01 19:29:34,370:main_loop:DEBUG: Step 54 took 0.03 seconds
2025-02-01 19:29:34,425:main_loop:DEBUG: Step 55 took 0.05 seconds
2025-02-01 19:29:34,448:main_loop:DEBUG: Step 56 took 0.02 seconds
2025-02-01 19:29:34,478:main_loop:DEBUG: Step 57 took 0.03 seconds
2025-02-01 19:29:34,513:main_loop:DEBUG: Step 58 took 0.03 seconds
2025-02-01 19:29:34,550:main_loop:DEBUG: Step 59 took 0.03 seconds
2025-02-01 19:29:34,577:main_loop:DEBUG: Step 60 took 0.02 seconds
2025-02-01 19:29:34,611:main_loop:DEBUG: Step 61 took 0.03 seconds
2025-02-01 19:29:34,644:main_loop:DEBUG: Step 62 took 0.03 seconds
2025-02-01 19:29:34,679:main_loop:DEBUG: Step 63 took 0.03 seconds
2025-02-01 19:29:34,711:main_loop:DEBUG: Step 64 took 0.03 seconds
2025-02-01 19:29:34,741:main_loop:DEBUG: Step 65 took 0.03 seconds
2025-02-01 19:29:34,768:main_loop:DEBUG: Step 66 took 0.03 seconds
2025-02-01 19:29:34,802:main_loop:DEBUG: Step 67 took 0.03 seconds
2025-02-01 19:29:34,825:main_loop:DEBUG: Step 68 took 0.02 seconds
2025-02-01 19:29:34,854:main_loop:DEBUG: Step 69 took 0.03 seconds
2025-02-01 19:29:34,891:main_loop:DEBUG: Step 70 took 0.04 seconds
2025-02-01 19:29:34,938:main_loop:DEBUG: Step 71 took 0.05 seconds
2025-02-01 19:29:34,975:main_loop:DEBUG: Step 72 took 0.03 seconds
2025-02-01 19:29:35,014:main_loop:DEBUG: Step 73 took 0.04 seconds
2025-02-01 19:29:35,043:main_loop:DEBUG: Step 74 took 0.03 seconds
2025-02-01 19:29:35,094:main_loop:DEBUG: Step 75 took 0.05 seconds
2025-02-01 19:29:35,144:main_loop:DEBUG: Step 76 took 0.05 seconds
2025-02-01 19:29:35,177:main_loop:DEBUG: Step 77 took 0.03 seconds
2025-02-01 19:29:35,229:main_loop:DEBUG: Step 78 took 0.05 seconds
2025-02-01 19:29:35,254:main_loop:DEBUG: Step 79 took 0.02 seconds
2025-02-01 19:29:35,284:main_loop:DEBUG: Step 80 took 0.03 seconds
2025-02-01 19:29:35,332:main_loop:DEBUG: Step 81 took 0.05 seconds
2025-02-01 19:29:35,358:main_loop:DEBUG: Step 82 took 0.02 seconds
2025-02-01 19:29:35,387:main_loop:DEBUG: Step 83 took 0.03 seconds
2025-02-01 19:29:35,428:main_loop:DEBUG: Step 84 took 0.04 seconds
2025-02-01 19:29:35,463:main_loop:DEBUG: Step 85 took 0.03 seconds
2025-02-01 19:29:35,509:main_loop:DEBUG: Step 86 took 0.05 seconds
2025-02-01 19:29:35,557:main_loop:DEBUG: Step 87 took 0.05 seconds
2025-02-01 19:29:35,585:main_loop:DEBUG: Step 88 took 0.03 seconds
2025-02-01 19:29:35,636:main_loop:DEBUG: Step 89 took 0.05 seconds
2025-02-01 19:29:35,681:main_loop:DEBUG: Step 90 took 0.04 seconds
2025-02-01 19:29:35,703:main_loop:DEBUG: Step 91 took 0.02 seconds
2025-02-01 19:29:35,749:main_loop:DEBUG: Step 92 took 0.04 seconds
2025-02-01 19:29:35,783:main_loop:DEBUG: Step 93 took 0.03 seconds
2025-02-01 19:29:35,816:main_loop:DEBUG: Step 94 took 0.03 seconds
2025-02-01 19:29:35,865:main_loop:DEBUG: Step 95 took 0.05 seconds
2025-02-01 19:29:35,914:main_loop:DEBUG: Step 96 took 0.05 seconds
2025-02-01 19:29:35,933:main_loop:DEBUG: Step 97 took 0.02 seconds
2025-02-01 19:29:35,960:main_loop:DEBUG: Step 98 took 0.03 seconds
2025-02-01 19:29:35,984:snake_processes:INFO: Stopping process with id 4
2025-02-01 19:29:35,993:main_loop:DEBUG: Step 99 took 0.03 seconds
2025-02-01 19:29:36,032:main_loop:DEBUG: Step 100 took 0.04 seconds
2025-02-01 19:29:36,065:main_loop:DEBUG: Step 101 took 0.03 seconds
2025-02-01 19:29:36,109:main_loop:DEBUG: Step 102 took 0.04 seconds
2025-02-01 19:29:36,135:main_loop:DEBUG: Step 103 took 0.03 seconds
2025-02-01 19:29:36,165:main_loop:DEBUG: Step 104 took 0.03 seconds
2025-02-01 19:29:36,188:main_loop:DEBUG: Step 105 took 0.02 seconds
2025-02-01 19:29:36,244:main_loop:DEBUG: Step 106 took 0.06 seconds
2025-02-01 19:29:36,278:main_loop:DEBUG: Step 107 took 0.03 seconds
2025-02-01 19:29:36,302:main_loop:DEBUG: Step 108 took 0.02 seconds
2025-02-01 19:29:36,334:main_loop:DEBUG: Step 109 took 0.03 seconds
2025-02-01 19:29:36,375:main_loop:DEBUG: Step 110 took 0.04 seconds
2025-02-01 19:29:36,416:main_loop:DEBUG: Step 111 took 0.04 seconds
2025-02-01 19:29:36,457:main_loop:DEBUG: Step 112 took 0.04 seconds
2025-02-01 19:29:36,498:main_loop:DEBUG: Step 113 took 0.04 seconds
2025-02-01 19:29:36,535:main_loop:DEBUG: Step 114 took 0.04 seconds
2025-02-01 19:29:36,574:main_loop:DEBUG: Step 115 took 0.04 seconds
2025-02-01 19:29:36,618:main_loop:DEBUG: Step 116 took 0.04 seconds
2025-02-01 19:29:36,657:main_loop:DEBUG: Step 117 took 0.04 seconds
2025-02-01 19:29:36,713:main_loop:DEBUG: Step 118 took 0.05 seconds
2025-02-01 19:29:36,753:main_loop:DEBUG: Step 119 took 0.04 seconds
2025-02-01 19:29:36,788:main_loop:DEBUG: Step 120 took 0.03 seconds
2025-02-01 19:29:36,846:main_loop:DEBUG: Step 121 took 0.06 seconds
2025-02-01 19:29:36,870:main_loop:DEBUG: Step 122 took 0.02 seconds
2025-02-01 19:29:36,906:main_loop:DEBUG: Step 123 took 0.03 seconds
2025-02-01 19:29:36,941:main_loop:DEBUG: Step 124 took 0.03 seconds
2025-02-01 19:29:36,995:main_loop:DEBUG: Step 125 took 0.05 seconds
2025-02-01 19:29:37,049:main_loop:DEBUG: Step 126 took 0.05 seconds
2025-02-01 19:29:37,084:main_loop:DEBUG: Step 127 took 0.03 seconds
2025-02-01 19:29:37,111:main_loop:DEBUG: Step 128 took 0.03 seconds
2025-02-01 19:29:37,159:main_loop:DEBUG: Step 129 took 0.05 seconds
2025-02-01 19:29:37,198:main_loop:DEBUG: Step 130 took 0.04 seconds
2025-02-01 19:29:37,239:main_loop:DEBUG: Step 131 took 0.04 seconds
2025-02-01 19:29:37,278:main_loop:DEBUG: Step 132 took 0.04 seconds
2025-02-01 19:29:37,305:main_loop:DEBUG: Step 133 took 0.03 seconds
2025-02-01 19:29:37,331:main_loop:DEBUG: Step 134 took 0.03 seconds
2025-02-01 19:29:37,377:main_loop:DEBUG: Step 135 took 0.04 seconds
2025-02-01 19:29:37,405:main_loop:DEBUG: Step 136 took 0.03 seconds
2025-02-01 19:29:37,437:main_loop:DEBUG: Step 137 took 0.03 seconds
2025-02-01 19:29:37,467:main_loop:DEBUG: Step 138 took 0.03 seconds
2025-02-01 19:29:37,491:main_loop:DEBUG: Step 139 took 0.02 seconds
2025-02-01 19:29:37,519:main_loop:DEBUG: Step 140 took 0.03 seconds
2025-02-01 19:29:37,551:main_loop:DEBUG: Step 141 took 0.03 seconds
2025-02-01 19:29:37,580:main_loop:DEBUG: Step 142 took 0.03 seconds
2025-02-01 19:29:37,617:main_loop:DEBUG: Step 143 took 0.04 seconds
2025-02-01 19:29:37,647:main_loop:DEBUG: Step 144 took 0.03 seconds
2025-02-01 19:29:37,679:main_loop:DEBUG: Step 145 took 0.03 seconds
2025-02-01 19:29:37,713:main_loop:DEBUG: Step 146 took 0.03 seconds
2025-02-01 19:29:37,753:main_loop:DEBUG: Step 147 took 0.04 seconds
2025-02-01 19:29:37,783:main_loop:DEBUG: Step 148 took 0.03 seconds
2025-02-01 19:29:37,813:main_loop:DEBUG: Step 149 took 0.03 seconds
2025-02-01 19:29:37,844:main_loop:DEBUG: Step 150 took 0.03 seconds
2025-02-01 19:29:37,874:main_loop:DEBUG: Step 151 took 0.03 seconds
2025-02-01 19:29:37,905:main_loop:DEBUG: Step 152 took 0.03 seconds
2025-02-01 19:29:37,929:main_loop:DEBUG: Step 153 took 0.02 seconds
2025-02-01 19:29:37,954:main_loop:DEBUG: Step 154 took 0.02 seconds
2025-02-01 19:29:37,977:main_loop:DEBUG: Step 155 took 0.02 seconds
2025-02-01 19:29:38,008:main_loop:DEBUG: Step 156 took 0.03 seconds
2025-02-01 19:29:38,041:main_loop:DEBUG: Step 157 took 0.03 seconds
2025-02-01 19:29:38,071:main_loop:DEBUG: Step 158 took 0.03 seconds
2025-02-01 19:29:38,101:main_loop:DEBUG: Step 159 took 0.03 seconds
2025-02-01 19:29:38,140:main_loop:DEBUG: Step 160 took 0.04 seconds
2025-02-01 19:29:38,212:main_loop:DEBUG: Step 161 took 0.05 seconds
2025-02-01 19:32:26,002:PIL.PngImagePlugin:DEBUG: STREAM b'IHDR' 16 13
2025-02-01 19:32:26,002:PIL.PngImagePlugin:DEBUG: STREAM b'IHDR' 16 13
2025-02-01 19:32:26,003:PIL.PngImagePlugin:DEBUG: STREAM b'sRGB' 41 1
2025-02-01 19:32:26,003:PIL.PngImagePlugin:DEBUG: STREAM b'sRGB' 41 1
2025-02-01 19:32:26,004:PIL.PngImagePlugin:DEBUG: STREAM b'IDAT' 54 293
2025-02-01 19:32:26,004:PIL.PngImagePlugin:DEBUG: STREAM b'IDAT' 54 293
2025-02-01 19:32:29,242:snake_processes:INFO: Stopping process with id 3
2025-02-01 19:32:30,436:snake_processes:INFO: Stopping process with id 1
2025-02-01 19:32:30,545:snake_processes:INFO: Stopping process with id 6
2025-02-01 19:32:30,975:snake_processes:INFO: Stopping process with id 9
2025-02-01 19:32:32,345:snake_processes:INFO: Stopping process with id 2
2025-02-01 19:32:36,991:snake_processes:INFO: Stopping process with id 4
2025-02-01 19:45:00,120:PIL.PngImagePlugin:DEBUG: STREAM b'IHDR' 16 13
2025-02-01 19:45:00,121:PIL.PngImagePlugin:DEBUG: STREAM b'sRGB' 41 1
2025-02-01 19:45:00,121:PIL.PngImagePlugin:DEBUG: STREAM b'IDAT' 54 293
2025-02-01 19:45:54,505:PIL.PngImagePlugin:DEBUG: STREAM b'IHDR' 16 13
2025-02-01 19:45:54,506:PIL.PngImagePlugin:DEBUG: STREAM b'sRGB' 41 1
2025-02-01 19:45:54,507:PIL.PngImagePlugin:DEBUG: STREAM b'IDAT' 54 293
2025-02-01 19:45:56,665:snake_loop_control:DEBUG: Stopping loop
2025-02-01 19:46:50,165:PIL.PngImagePlugin:DEBUG: STREAM b'IHDR' 16 13
2025-02-01 19:46:50,166:PIL.PngImagePlugin:DEBUG: STREAM b'sRGB' 41 1
2025-02-01 19:46:50,167:PIL.PngImagePlugin:DEBUG: STREAM b'IDAT' 54 293
2025-02-01 19:46:55,141:snake_loop_control:DEBUG: Stopping loop
2025-02-01 19:46:55,142:snake_processes:DEBUG: Shutting down processes
2025-02-01 19:46:55,142:snake_processes:INFO: Stopping process with id 0
2025-02-01 19:46:55,149:snake_processes:INFO: Stopping process with id 1
2025-02-01 19:46:55,158:snake_processes:INFO: Stopping process with id 2
2025-02-01 19:46:55,170:snake_processes:INFO: Stopping process with id 3
2025-02-01 19:46:55,178:snake_processes:INFO: Stopping process with id 4
2025-02-01 19:46:55,190:snake_processes:INFO: Stopping process with id 5
2025-02-01 19:46:55,201:snake_processes:INFO: Stopping process with id 6
2025-02-01 19:46:55,217:snake_processes:INFO: Stopping process with id 7
2025-02-01 19:46:55,226:snake_processes:INFO: Stopping process with id 9
2025-02-01 19:46:55,237:snake_loop_control:DEBUG: Stopping loop
2025-02-01 19:46:55,238:snake_processes:DEBUG: Shutting down processes
2025-02-01 19:55:27,088:PIL.PngImagePlugin:DEBUG: STREAM b'IHDR' 16 13
2025-02-01 19:55:27,088:PIL.PngImagePlugin:DEBUG: STREAM b'sRGB' 41 1
2025-02-01 19:55:27,089:PIL.PngImagePlugin:DEBUG: STREAM b'IDAT' 54 293
2025-02-01 19:55:41,641:PIL.PngImagePlugin:DEBUG: STREAM b'IHDR' 16 13
2025-02-01 19:55:41,641:PIL.PngImagePlugin:DEBUG: STREAM b'sRGB' 41 1
2025-02-01 19:55:41,642:PIL.PngImagePlugin:DEBUG: STREAM b'IDAT' 54 293
2025-02-01 19:55:44,327:snake_loop_control:DEBUG: Stopping loop
2025-02-01 19:55:49,378:PIL.PngImagePlugin:DEBUG: STREAM b'IHDR' 16 13
2025-02-01 19:55:49,379:PIL.PngImagePlugin:DEBUG: STREAM b'sRGB' 41 1
2025-02-01 19:55:49,379:PIL.PngImagePlugin:DEBUG: STREAM b'IDAT' 54 293
2025-02-01 19:55:53,446:snake_loop_control:DEBUG: Stopping loop
2025-02-01 19:56:07,877:PIL.PngImagePlugin:DEBUG: STREAM b'IHDR' 16 13
2025-02-01 19:56:07,878:PIL.PngImagePlugin:DEBUG: STREAM b'sRGB' 41 1
2025-02-01 19:56:07,878:PIL.PngImagePlugin:DEBUG: STREAM b'IDAT' 54 293
2025-02-01 19:56:11,223:snake_processes:INFO: Stopping process with id 5
2025-02-01 19:56:12,803:snake_processes:INFO: Stopping process with id 1
2025-02-01 19:56:13,377:snake_processes:INFO: Stopping process with id 0
2025-02-01 19:56:14,670:snake_processes:INFO: Stopping process with id 2
2025-02-01 19:56:16,910:snake_processes:INFO: Stopping process with id 7
2025-02-01 19:56:17,435:snake_processes:INFO: Stopping process with id 8
2025-02-01 19:56:19,048:snake_processes:INFO: Stopping process with id 6
